subscribe: Animation Show Channel
subscribe: Animation Show Channel
subscribe: Beijing Traffic Radio TV [Geo-blocked]
subscribe: Beijing Traffic Radio TV [Geo-blocked]
subscribe: Beijing Youth Radio [Geo-blocked]
subscribe: Beijing Youth Radio [Geo-blocked]
subscribe: Bingtuan Satellite TV
subscribe: Bingtuan Satellite TV
subscribe: Bread TV面包台 (720p)
subscribe: Bread TV面包台 (720p)
subscribe: BRTV Kaku Childrens Channel
subscribe: BRTV Kaku Childrens Channel
subscribe: BRTV Kaku Childrens Channel
subscribe: BRTV Kaku Childrens Channel
subscribe: BRTV Kaku Childrens Channel
subscribe: BRTV Kaku Childrens Channel
subscribe: BRTV Science & Education Channel
subscribe: BRTV Science & Education Channel
subscribe: BRTV 北京卫视 [Not 24/7]
subscribe: BRTV 北京卫视 [Not 24/7]
subscribe: BRTV 北京卫视
subscribe: BRTV 北京卫视
subscribe: CGTN (1080p)
subscribe: CGTN (1080p)
subscribe: CGTN Documentary (1080p)
subscribe: CGTN Documentary (1080p)
subscribe: Channel Law
subscribe: Channel Law
subscribe: Channel Max
subscribe: Channel Max
subscribe: Channel Tea
subscribe: Channel Tea
subscribe: CHC Action
subscribe: CHC Action
subscribe: CHC Home Theater
subscribe: CHC Home Theater
subscribe: City Theater Channel
subscribe: City Theater Channel
subscribe: Documentary Humanities Channel
subscribe: Documentary Humanities Channel
subscribe: DOX Surround
subscribe: DOX Surround
subscribe: DOX Yaqu
subscribe: DOX Yaqu
subscribe: DOX Yijia
subscribe: DOX Yijia
subscribe: Dragon TV International (360p)
subscribe: Dragon TV International (360p)
subscribe: Ecology & Environment TV
subscribe: Ecology & Environment TV
subscribe: Fengtai Culture & Life TV
subscribe: Fengtai Culture & Life TV
subscribe: Fengtai News TV
subscribe: Fengtai News TV
subscribe: Foshan News TV
subscribe: Foshan News TV
subscribe: Fusung News TV
subscribe: Fusung News TV
subscribe: Game Channel
subscribe: Game Channel
subscribe: Golden Eagle Cartoon
subscribe: Golden Eagle Cartoon
subscribe: Guangzhou TV
subscribe: Guangzhou TV
subscribe: Harbin Comprehensive News Channel
subscribe: Harbin Comprehensive News Channel
subscribe: Harbin Movie Channel
subscribe: Harbin Movie Channel
subscribe: Hunan Entertainment Channel
subscribe: Hunan Entertainment Channel
subscribe: Hunan Ping Yu
subscribe: Hunan Ping Yu
subscribe: JiaJia Cartoon
subscribe: JiaJia Cartoon
subscribe: Jiangxi Children's Channel
subscribe: Jiangxi Children's Channel
subscribe: Jiangxi City Channel
subscribe: Jiangxi City Channel
subscribe: Jiangxi Economy & Life Channel
subscribe: Jiangxi Economy & Life Channel
subscribe: Jiangxi Movie Channel
subscribe: Jiangxi Movie Channel
subscribe: Jiangxi Public & Agriculture Channel
subscribe: Jiangxi Public & Agriculture Channel
subscribe: Jilin City Channel
subscribe: Jilin City Channel
subscribe: Jilin Lifestyle Channel
subscribe: Jilin Lifestyle Channel
subscribe: Jilin Movie Channel
subscribe: Jilin Movie Channel
subscribe: Jilin Rural Channel
subscribe: Jilin Rural Channel
subscribe: Laughter Theater
subscribe: Laughter Theater
subscribe: Liangshan TV [Not 24/7]
subscribe: Liangshan TV [Not 24/7]
subscribe: Nanchang News & Generalist Channel
subscribe: Nanchang News & Generalist Channel
subscribe: Nei Monggol TV
subscribe: Nei Monggol TV
subscribe: Nei Monggol TV
subscribe: Nei Monggol TV
subscribe: Nei Monggol TV
subscribe: Nei Monggol TV
subscribe: Nei Monggol TV
subscribe: Nei Monggol TV
subscribe: Nei Monggol TV
subscribe: Nei Monggol TV
subscribe: Nei Monggol TV
subscribe: Nei Monggol TV
subscribe: Nei Monggol TV 2 Mongolian Culture Channel
subscribe: Nei Monggol TV 2 Mongolian Culture Channel
subscribe: Nei Monggol TV 2 Mongolian Culture Channel
subscribe: Nei Monggol TV 2 Mongolian Culture Channel
subscribe: Nei Monggol TV 2 Mongolian Culture Channel
subscribe: Nei Monggol TV 2 Mongolian Culture Channel
subscribe: Nei Monggol TV Agriculture & Animal Channel
subscribe: Nei Monggol TV Agriculture & Animal Channel
subscribe: Nei Monggol TV Children Channel
subscribe: Nei Monggol TV Children Channel
subscribe: Nei Monggol TV Culture Entertainment Channel
subscribe: Nei Monggol TV Culture Entertainment Channel
subscribe: Nei Monggol TV Economic & Life Channel
subscribe: Nei Monggol TV Economic & Life Channel
subscribe: Nei Monggol TV News Channel
subscribe: Nei Monggol TV News Channel
subscribe: Panzihihua Culture Tourism & Life Channel
subscribe: Panzihihua Culture Tourism & Life Channel
subscribe: Panzihihua News Channel
subscribe: Panzihihua News Channel
subscribe: QTV-1
subscribe: QTV-1
subscribe: QTV-2
subscribe: QTV-2
subscribe: QTV-3
subscribe: QTV-3
subscribe: QTV-4
subscribe: QTV-4
subscribe: QTV-5
subscribe: QTV-5
subscribe: QTV-6
subscribe: QTV-6
subscribe: Shaanxi Agroforestry Satellite TV
subscribe: Shaanxi Agroforestry Satellite TV
subscribe: Shandong Education TV
subscribe: Shandong Education TV
subscribe: Shanghai Education Television Station
subscribe: Shanghai Education Television Station
subscribe: Shenzhen Satellite TV (2160p)
subscribe: Shenzhen Satellite TV (2160p)
subscribe: Sihai Fishing Channel
subscribe: Sihai Fishing Channel
subscribe: Siping TV
subscribe: Siping TV
subscribe: SMG Football Channel
subscribe: SMG Football Channel
subscribe: ST Bongo
subscribe: ST Bongo
subscribe: ST Rembo TV
subscribe: ST Rembo TV
subscribe: STV City
subscribe: STV City
subscribe: STV News and General
subscribe: STV News and General
subscribe: Tonghua TV
subscribe: Tonghua TV
subscribe: Tonghua TV
subscribe: Tonghua TV
subscribe: Toonmax TV
subscribe: Toonmax TV
subscribe: Ugo Shop TV
subscribe: Ugo Shop TV
subscribe: VOA美国之音
subscribe: VOA美国之音
subscribe: Weihai Comprehensive News Channel
subscribe: Weihai Comprehensive News Channel
subscribe: Weihai Ocean Channel
subscribe: Weihai Ocean Channel
subscribe: Weihai Public Channel
subscribe: Weihai Public Channel
subscribe: World Economy Channel
subscribe: World Economy Channel
subscribe: Xinjiang TV 2
subscribe: Xinjiang TV 2
subscribe: Xinjiang TV 2
subscribe: Xinjiang TV 2
subscribe: Xinjiang TV 3
subscribe: Xinjiang TV 3
subscribe: Xinjiang TV 3
subscribe: Xinjiang TV 3
subscribe: Xinjiang TV 3
subscribe: Xinjiang TV 3
subscribe: Xinjiang TV 5
subscribe: Xinjiang TV 5
subscribe: Xinjiang TV 5
subscribe: Xinjiang TV 5
subscribe: Xinjiang TV 5
subscribe: Xinjiang TV 5
subscribe: Xinjiang TV 8
subscribe: Xinjiang TV 8
subscribe: Xinjiang TV 8
subscribe: Xinjiang TV 8
subscribe: Xinjiang TV 8
subscribe: Xinjiang TV 8
subscribe: Xinjiang TV 9
subscribe: Xinjiang TV 9
subscribe: Xinjiang TV 9
subscribe: Xinjiang TV 9
subscribe: Xinjiang TV 12
subscribe: Xinjiang TV 12
subscribe: Xizang TV Tibetan
subscribe: Xizang TV Tibetan
subscribe: Yanbian Cinese Comprehensive Channel
subscribe: Yanbian Cinese Comprehensive Channel
subscribe: Yicai TV
subscribe: Yicai TV
subscribe: Zhejiang Satellite TV
subscribe: Zhejiang Satellite TV
subscribe: Zhejiang TV International
subscribe: Zhejiang TV International
subscribe: 万州三峡移民 (576p) [Not 24/7]
subscribe: 万州三峡移民 (576p) [Not 24/7]
subscribe: 万州影视 (576p) [Not 24/7]
subscribe: 万州影视 (576p) [Not 24/7]
subscribe: 万州科教 (576p)
subscribe: 万州科教 (576p)
subscribe: 万州综合 (576p) [Not 24/7]
subscribe: 万州综合 (576p) [Not 24/7]
subscribe: 上虞1新闻综合 (720p) [Not 24/7]
subscribe: 上虞1新闻综合 (720p) [Not 24/7]
subscribe: 上虞3新商都 (720p) [Not 24/7]
subscribe: 上虞3新商都 (720p) [Not 24/7]
subscribe: 上虞經濟文化 (720p) [Not 24/7]
subscribe: 上虞經濟文化 (720p) [Not 24/7]
subscribe: 东南卫视 (Southeast Television fka Fujian Television) (2160p)
subscribe: 东南卫视 (Southeast Television fka Fujian Television) (2160p)
subscribe: 东方卫视 (2160p)
subscribe: 东方卫视 (2160p)
subscribe: 中国气象 (576p) [Not 24/7]
subscribe: 中国气象 (576p) [Not 24/7]
subscribe: 丰宁综合
subscribe: 丰宁综合
subscribe: 乐清新闻 [Geo-blocked]
subscribe: 乐清新闻 [Geo-blocked]
subscribe: 乐清生活 [Geo-blocked]
subscribe: 乐清生活 [Geo-blocked]
subscribe: 云南 Ⅰ 文山公共台 (1080p)
subscribe: 云南 Ⅰ 文山公共台 (1080p)
subscribe: 云南 Ⅰ 文山综合台 (1080p) [Not 24/7]
subscribe: 云南 Ⅰ 文山综合台 (1080p) [Not 24/7]
subscribe: 云南卫视 (1080p)
subscribe: 云南卫视 (1080p)
subscribe: 云南卫视 (576p) [Not 24/7]
subscribe: 云南卫视 (576p) [Not 24/7]
subscribe: 云南卫视 (576p)
subscribe: 云南卫视 (576p)
subscribe: 云南卫视 (576p)
subscribe: 云南卫视 (576p)
subscribe: 云南卫视 (576p)
subscribe: 云南卫视 (576p)
subscribe: 云南卫视 (576p)
subscribe: 云南卫视 (576p)
subscribe: 云南卫视 (576p)
subscribe: 云南卫视 (576p)
subscribe: 云南卫视 (540p)
subscribe: 云南卫视 (540p)
subscribe: 云南都市 (1080p)
subscribe: 云南都市 (1080p)
subscribe: 五星体育 (720p)
subscribe: 五星体育 (720p)
subscribe: 亚太台 (480p)
subscribe: 亚太台 (480p)
subscribe: 交城電視台 (576p)
subscribe: 交城電視台 (576p)
subscribe: 京视剧场 (576p)
subscribe: 京视剧场 (576p)
subscribe: 亳州农村 (360p)
subscribe: 亳州农村 (360p)
subscribe: 亳州新聞頻道 (360p)
subscribe: 亳州新聞頻道 (360p)
subscribe: 仙桃新聞綜合 (576p)
subscribe: 仙桃新聞綜合 (576p)
subscribe: 仙桃生活文體 (576p)
subscribe: 仙桃生活文體 (576p)
subscribe: 余姚姚江文化 (576p)
subscribe: 余姚姚江文化 (576p)
subscribe: 余姚新闻综合 (576p)
subscribe: 余姚新闻综合 (576p)
subscribe: 兵团卫视 (540p) [Not 24/7]
subscribe: 兵团卫视 (540p) [Not 24/7]
subscribe: 内江公共 (720p)
subscribe: 内江公共 (720p)
subscribe: 内江科教 (720p)
subscribe: 内江科教 (720p)
subscribe: 内江综合 (720p)
subscribe: 内江综合 (720p)
subscribe: 内蒙古 (576p)
subscribe: 内蒙古 (576p)
subscribe: 内蒙古卫视 (576p)
subscribe: 内蒙古卫视 (576p)
subscribe: 内蒙古卫视 (576p)
subscribe: 内蒙古卫视 (576p)
subscribe: 内蒙古卫视 (576p)
subscribe: 内蒙古卫视 (576p)
subscribe: 内蒙古卫视 (576p)
subscribe: 内蒙古卫视 (576p)
subscribe: 农安新闻综合 [Geo-blocked]
subscribe: 农安新闻综合 [Geo-blocked]
subscribe: 凤凰资讯 (720p)
subscribe: 凤凰资讯 (720p)
subscribe: ABN China (720p)
subscribe: ABN China (720p)
subscribe: 凤凰资讯 (576p)
subscribe: 凤凰资讯 (576p)
subscribe: Angel TV Chinese (720p)
subscribe: Angel TV Chinese (720p)
subscribe: 利川公共 (576p) [Geo-blocked]
subscribe: 利川公共 (576p) [Geo-blocked]
subscribe: Animation Show Channel
subscribe: Animation Show Channel
subscribe: 利川公共 (180p) [Not 24/7]
subscribe: 利川公共 (180p) [Not 24/7]
subscribe: Bingtuan Satellite TV
subscribe: Bingtuan Satellite TV
subscribe: 利川新闻综合 (480p) [Not 24/7]
subscribe: 利川新闻综合 (480p) [Not 24/7]
subscribe: Bread TV面包台 (720p)
subscribe: Bread TV面包台 (720p)
subscribe: 前郭综合 [Geo-blocked]
subscribe: 前郭综合 [Geo-blocked]
subscribe: BRTV Kaku Childrens Channel
subscribe: BRTV Kaku Childrens Channel
subscribe: 动作电影 (1080p)
subscribe: 动作电影 (1080p)
subscribe: BRTV Science & Education Channel
subscribe: BRTV Science & Education Channel
subscribe: 动画王国 (1080p)
subscribe: 动画王国 (1080p)
subscribe: BRTV 北京卫视 [Not 24/7]
subscribe: BRTV 北京卫视 [Not 24/7]
subscribe: 北京紀實 (1080p)
subscribe: 北京紀實 (1080p)
subscribe: CCTV+ 1 (600p) [Not 24/7]
subscribe: CCTV+ 1 (600p) [Not 24/7]
subscribe: 北京紀實 (1080p)
subscribe: 北京紀實 (1080p)
subscribe: CCTV+ 2 (600p) [Not 24/7]
subscribe: CCTV+ 2 (600p) [Not 24/7]
subscribe: 北京财经 [Not 24/7]
subscribe: 北京财经 [Not 24/7]
subscribe: Channel Law
subscribe: Channel Law
subscribe: 北京青年 [Not 24/7]
subscribe: 北京青年 [Not 24/7]
subscribe: Channel Max
subscribe: 北碚综合 (576p) [Not 24/7]
subscribe: 北碚综合 (576p) [Not 24/7]
subscribe: Channel Tea
subscribe: Channel Tea
subscribe: 半岛新闻 (1080p)
subscribe: 半岛新闻 (1080p)
subscribe: CHC Action
subscribe: CHC Action
subscribe: 华亭电视台 (1080p)
subscribe: 华亭电视台 (1080p)
subscribe: CHC Home Theater
subscribe: CHC Home Theater
subscribe: 华数 (720p) [Not 24/7]
subscribe: 华数 (720p) [Not 24/7]
subscribe: City Theater Channel
subscribe: City Theater Channel
subscribe: 南京信息 (720p)
subscribe: 南京信息 (720p)
subscribe: Documentary Humanities Channel
subscribe: Documentary Humanities Channel
subscribe: 南京十八 (720p)
subscribe: 南京十八 (720p)
subscribe: DOX Surround
subscribe: DOX Surround
subscribe: 南京十八 (576p)
subscribe: 南京十八 (576p)
subscribe: DOX Yaqu
subscribe: DOX Yaqu
subscribe: 南京娱乐 (720p)
subscribe: DOX Yijia
subscribe: 南京娱乐 (720p)
subscribe: 南京少儿 (720p) [Not 24/7]
subscribe: DOX Yijia
subscribe: Dragon TV International (360p)
subscribe: 南京少儿 (720p) [Not 24/7]
subscribe: 南京教科 (720p) [Not 24/7]
subscribe: Dragon TV International (360p)
subscribe: 南京教科 (720p) [Not 24/7]
subscribe: Ecology & Environment TV
subscribe: Ecology & Environment TV
subscribe: 南京教科 (576p)
subscribe: 南京教科 (576p)
subscribe: Game Channel
subscribe: Game Channel
subscribe: 南京教科 (576p)
subscribe: 南京教科 (576p)
subscribe: Golden Eagle Cartoon
subscribe: Golden Eagle Cartoon
subscribe: 南京新闻综合 (720p)
subscribe: 南京新闻综合 (720p)
subscribe: Guangzhou TV
subscribe: Guangzhou TV
subscribe: 南京生活 (720p)
subscribe: 南京生活 (720p)
subscribe: Harbin Comprehensive News Channel
subscribe: Harbin Comprehensive News Channel
subscribe: 南川新闻综合 (360p)
subscribe: Harbin Movie Channel
subscribe: 南川新闻综合 (360p)
subscribe: 南川旅游经济 (360p)
subscribe: Harbin Movie Channel
subscribe: Home Plus
subscribe: 南川旅游经济 (360p)
subscribe: 南阳新闻 (1080p) [Not 24/7]
subscribe: Home Plus
subscribe: Hunan Entertainment Channel
subscribe: 南阳新闻 (1080p) [Not 24/7]
subscribe: 南陽公共頻道 (1080p) [Not 24/7]
subscribe: Hunan Entertainment Channel
subscribe: Hunan Ping Yu
subscribe: 南陽公共頻道 (1080p) [Not 24/7]
subscribe: 南陽科教頻道 (1080p) [Not 24/7]
subscribe: Hunan Ping Yu
subscribe: JiaJia Cartoon
subscribe: 南陽科教頻道 (1080p) [Not 24/7]
subscribe: 厦门卫视 (576p)
subscribe: JiaJia Cartoon
subscribe: Jiangxi Children's Channel
subscribe: 厦门卫视 (576p)
subscribe: Jiangxi Children's Channel
subscribe: 厦门卫视 (540p) [Not 24/7]
subscribe: 厦门卫视 (540p) [Not 24/7]
subscribe: Jiangxi City Channel
subscribe: Jiangxi City Channel
subscribe: 双峰电视一套 (360p)
subscribe: 双峰电视一套 (360p)
subscribe: Jiangxi Economy & Life Channel
subscribe: Jiangxi Economy & Life Channel
subscribe: 发现之旅 (576p)
subscribe: 发现之旅 (576p)
subscribe: Jiangxi Movie Channel
subscribe: Jiangxi Movie Channel
subscribe: 吉州新聞綜合 (1080p)
subscribe: 吉州新聞綜合 (1080p)
subscribe: CGTN
subscribe: CGTN
subscribe: Jiangxi Public & Agriculture Channel
subscribe: Jiangxi Public & Agriculture Channel
subscribe: 吉林卫视 (2160p)
subscribe: CGTN
subscribe: Jilin City Channel
subscribe: 吉林卫视 (2160p)
subscribe: 吉林市新闻综合 [Geo-blocked]
subscribe: CGTN
subscribe: CGTN俄语
subscribe: Jilin City Channel
subscribe: Jilin Lifestyle Channel
subscribe: 吉林市新闻综合 [Geo-blocked]
subscribe: 吴江新闻综合 (720p) [Not 24/7]
subscribe: CGTN俄语
subscribe: Jilin Lifestyle Channel
subscribe: CGTN俄语
subscribe: Jilin Movie Channel
subscribe: 吴江新闻综合 (720p) [Not 24/7]
subscribe: 和政电视台
subscribe: CGTN俄语
subscribe: CGTN法语
subscribe: Jilin Movie Channel
subscribe: Jilin Rural Channel
subscribe: 和政电视台
subscribe: 嘉佳卡通 (576p)
subscribe: CGTN法语
subscribe: CGTN法语
subscribe: Jilin Rural Channel
subscribe: Laughter Theater
subscribe: 嘉佳卡通 (576p)
subscribe: 嘉佳卡通 (广东) (540p) [Not 24/7]
subscribe: CGTN法语
subscribe: CGTN纪录
subscribe: Laughter Theater
subscribe: Liangshan TV [Not 24/7]
subscribe: 嘉佳卡通 (广东) (540p) [Not 24/7]
subscribe: 四川 Ⅰ 四川影视台 (720p) [Not 24/7]
subscribe: CGTN纪录
subscribe: CGTN纪录
subscribe: Liangshan TV [Not 24/7]
subscribe: Nanchang News & Generalist Channel
subscribe: 四川 Ⅰ 四川影视台 (720p) [Not 24/7]
subscribe: 四川 Ⅰ 四川新闻台 (720p) [Not 24/7]
subscribe: CGTN纪录
subscribe: Nanchang News & Generalist Channel
subscribe: CGTN西语
subscribe: Nei Monggol TV
subscribe: 四川 Ⅰ 四川新闻台 (720p) [Not 24/7]
subscribe: 四川 Ⅰ 巴中综合台 (1080p) [Not 24/7]
subscribe: CGTN西语
subscribe: Nei Monggol TV
subscribe: CGTN阿语
subscribe: 四川 Ⅰ 巴中综合台 (1080p) [Not 24/7]
subscribe: Nei Monggol TV 2 Mongolian Culture Channel
subscribe: 四川 Ⅰ 星空购物台 (720p) [Not 24/7]
subscribe: CGTN阿语
subscribe: 中国交通
subscribe: Nei Monggol TV 2 Mongolian Culture Channel
subscribe: Nei Monggol TV Agriculture & Animal Channel
subscribe: 四川 Ⅰ 星空购物台 (720p) [Not 24/7]
subscribe: 四川 Ⅰ 达州公共台 (720p) [Not 24/7]
subscribe: 中国交通
subscribe: 熊猫直播
subscribe: Nei Monggol TV Agriculture & Animal Channel
subscribe: Nei Monggol TV Children Channel
subscribe: 四川 Ⅰ 达州公共台 (720p) [Not 24/7]
subscribe: 四川 Ⅰ 达州综合台 (720p) [Not 24/7]
subscribe: 熊猫直播
subscribe: 直播中国
subscribe: Nei Monggol TV Children Channel
subscribe: Nei Monggol TV Culture Entertainment Channel
subscribe: 四川 Ⅰ 达州综合台 (720p) [Not 24/7]
subscribe: 四川公共 (720p)
subscribe: 直播中国
subscribe: 支持作者
subscribe: Nei Monggol TV Culture Entertainment Channel
subscribe: Nei Monggol TV Economic & Life Channel
subscribe: 四川公共 (720p)
subscribe: 四川卫视 (576p)
subscribe: 支持作者
subscribe: 兵团卫视
subscribe: Nei Monggol TV Economic & Life Channel
subscribe: Nei Monggol TV News Channel
subscribe: 四川卫视 (576p)
subscribe: 四川卫视 (576p)
subscribe: 兵团卫视
subscribe: 兵团卫视
subscribe: Nei Monggol TV News Channel
subscribe: Panzihihua Culture Tourism & Life Channel
subscribe: 四川卫视 (576p)
subscribe: 四川卫视 (576p)
subscribe: 兵团卫视
subscribe: 兵团卫视
subscribe: Panzihihua Culture Tourism & Life Channel
subscribe: 四川卫视 (576p)
subscribe: Panzihihua News Channel
subscribe: 四川卫视 (540p)
subscribe: 兵团卫视
subscribe: 兵团卫视
subscribe: Panzihihua News Channel
subscribe: QTV-1
subscribe: 四川卫视 (540p)
subscribe: 四川卫视 (360p)
subscribe: 兵团卫视
subscribe: 兵团卫视
subscribe: QTV-1
subscribe: QTV-2
subscribe: 四川卫视 (360p)
subscribe: 四川妇女儿童 (720p) [Not 24/7]
subscribe: 兵团卫视
subscribe: 海峡卫视
subscribe: QTV-2
subscribe: QTV-3
subscribe: 四川妇女儿童 (720p) [Not 24/7]
subscribe: 四平新闻综合 [Geo-blocked]
subscribe: 海峡卫视
subscribe: 海峡卫视
subscribe: QTV-3
subscribe: QTV-4
subscribe: 四平新闻综合 [Geo-blocked]
subscribe: 大冶一套 [Geo-blocked]
subscribe: 海峡卫视
subscribe: 海峡卫视
subscribe: QTV-4
subscribe: QTV-5
subscribe: 大冶一套 [Geo-blocked]
subscribe: 大冶二套 [Geo-blocked]
subscribe: 海峡卫视
subscribe: QTV-5
subscribe: 海峡卫视
subscribe: 大冶二套 [Geo-blocked]
subscribe: QTV-6
subscribe: 海峡卫视
subscribe: 大悟综合 [Geo-blocked]
subscribe: QTV-6
subscribe: 农林卫视
subscribe: 大悟综合 [Geo-blocked]
subscribe: Shaanxi Agroforestry Satellite TV
subscribe: 大爱海外 (720p)
subscribe: 农林卫视
subscribe: 农林卫视
subscribe: Shaanxi Agroforestry Satellite TV
subscribe: Shandong Education TV
subscribe: 大爱海外 (720p)
subscribe: 天津卫视 (1080p)
subscribe: 农林卫视
subscribe: 农林卫视
subscribe: Shandong Education TV
subscribe: Shanghai Education Television Station
subscribe: 天津卫视 (1080p)
subscribe: 天津卫视 (1080p)
subscribe: 农林卫视
subscribe: 上海卫视
subscribe: Shanghai Education Television Station
subscribe: Shenzhen Satellite TV (2160p)
subscribe: 天津卫视 (1080p)
subscribe: 天津卫视 (1080p)
subscribe: 上海卫视
subscribe: 上海卫视
subscribe: Shenzhen Satellite TV (2160p)
subscribe: Sihai Fishing Channel
subscribe: 天津卫视 (1080p)
subscribe: 天津卫视 (1080p)
subscribe: Sihai Fishing Channel
subscribe: Siping TV
subscribe: 上海卫视
subscribe: 内蒙古蒙语卫视
subscribe: 天津卫视 (1080p)
subscribe: 天津卫视 (1080p)
subscribe: Siping TV
subscribe: SMG Football Channel
subscribe: 内蒙古蒙语卫视
subscribe: 河北4K
subscribe: 天津卫视 (1080p)
subscribe: 天津卫视 (1080p)
subscribe: SMG Football Channel
subscribe: ST Rembo TV
subscribe: 河北4K
subscribe: 苏州4K
subscribe: 天津卫视 (1080p)
subscribe: 天津卫视 (1080p)
subscribe: ST Rembo TV
subscribe: STV City
subscribe: 苏州4K
subscribe: 黑莓电影
subscribe: 天津卫视 (1080p)
subscribe: 天津卫视 (1080p)
subscribe: STV City
subscribe: STV News and General
subscribe: 黑莓电影
subscribe: 凤凰电影
subscribe: 天津卫视 (1080p)
subscribe: 天津卫视 (1080p)
subscribe: STV News and General
subscribe: Tonghua TV
subscribe: 凤凰电影
subscribe: AMC电影
subscribe: 天津卫视 (1080p)
subscribe: 天津卫视 (576p)
subscribe: Tonghua TV
subscribe: Toonmax TV
subscribe: AMC电影
subscribe: CHC电影
subscribe: 天津卫视 (576p)
subscribe: 天津卫视 (576p)
subscribe: Toonmax TV
subscribe: TV BRICS Chinese (1080p)
subscribe: CHC电影
subscribe: CHC电影
subscribe: 天津卫视 (576p)
subscribe: 奇妙電視 (720p)
subscribe: TV BRICS Chinese (1080p)
subscribe: Ugo Shop TV
subscribe: CHC电影
subscribe: CHC电影
subscribe: 奇妙電視 (720p)
subscribe: 孟州电视台 (1080p) [Not 24/7]
subscribe: Ugo Shop TV
subscribe: VOA美国之音
subscribe: CHC电影
subscribe: 人在囧途
subscribe: VOA美国之音
subscribe: Weihai Comprehensive News Channel
subscribe: 孟州电视台 (1080p) [Not 24/7]
subscribe: 宁夏卫视 (576p) [Not 24/7]
subscribe: 人在囧途
subscribe: 人在囧途之泰囧
subscribe: Weihai Comprehensive News Channel
subscribe: Weihai Ocean Channel
subscribe: 宁夏卫视 (576p) [Not 24/7]
subscribe: 宁夏卫视 (576p)
subscribe: 人在囧途之泰囧
subscribe: 人在囧途之港囧
subscribe: Weihai Ocean Channel
subscribe: Weihai Public Channel
subscribe: 宁夏卫视 (576p)
subscribe: 宁夏卫视 (576p)
subscribe: 人在囧途之港囧
subscribe: 倩女幽魂人间道
subscribe: Weihai Public Channel
subscribe: World Economy Channel
subscribe: 宁夏卫视 (576p)
subscribe: 宁夏卫视 (576p)
subscribe: 倩女幽魂人间道
subscribe: 倩女幽魂妖魔道
subscribe: World Economy Channel
subscribe: Xinjiang TV 2
subscribe: 宁夏卫视 (576p)
subscribe: 宁夏卫视 (576p)
subscribe: 倩女幽魂妖魔道
subscribe: 倩女幽魂道道道
subscribe: Xinjiang TV 2
subscribe: Xinjiang TV 3
subscribe: 宁夏卫视 (576p)
subscribe: 宁夏卫视 (540p)
subscribe: 倩女幽魂道道道
subscribe: 寒战
subscribe: Xinjiang TV 3
subscribe: Xinjiang TV 5
subscribe: 宁夏卫视 (540p)
subscribe: 安徽 Ⅰ 郎溪综合台 (1080p)
subscribe: 寒战
subscribe: 我不是药神
subscribe: 安徽 Ⅰ 郎溪综合台 (1080p)
subscribe: 安徽 Ⅰ 铜陵公共 (720p)
subscribe: Xinjiang TV 5
subscribe: Xinjiang TV 8
subscribe: 我不是药神
subscribe: 拆弹专家1
subscribe: 安徽 Ⅰ 铜陵公共 (720p)
subscribe: 安徽 Ⅰ 铜陵综合 (720p)
subscribe: Xinjiang TV 8
subscribe: 拆弹专家1
subscribe: Xinjiang TV 9
subscribe: 拆弹专家2
subscribe: 安徽 Ⅰ 铜陵综合 (720p)
subscribe: 安徽卫视 (2160p)
subscribe: Xinjiang TV 9
subscribe: Xinjiang TV 12
subscribe: 拆弹专家2
subscribe: 电影丧尸片
subscribe: 安徽卫视 (2160p)
subscribe: 安徽卫视 (576p)
subscribe: Xinjiang TV 12
subscribe: Xizang TV Tibetan
subscribe: 电影丧尸片
subscribe: 电影八点档
subscribe: 安徽卫视 (576p)
subscribe: 完美游戏 (1080p) [Not 24/7]
subscribe: Xizang TV Tibetan
subscribe: Yanbian Cinese Comprehensive Channel
subscribe: 电影八点档
subscribe: 电影刘德华
subscribe: 完美游戏 (1080p) [Not 24/7]
subscribe: 宜章新闻综合 (576p)
subscribe: Yanbian Cinese Comprehensive Channel
subscribe: Yicai TV
subscribe: 电影刘德华
subscribe: 电影功夫片
subscribe: 宜章新闻综合 (576p)
subscribe: 家庭影院 (1080p)
subscribe: Yicai TV
subscribe: Zhejiang Satellite TV
subscribe: 电影功夫片
subscribe: 电影动作电影
subscribe: 家庭影院 (1080p)
subscribe: 家庭理财 (576p)
subscribe: Zhejiang Satellite TV
subscribe: Zhejiang TV International
subscribe: 电影动作电影
subscribe: 2025-03-06 16:04:54
subscribe: 家庭理财 (576p)
subscribe: 电影周星星
subscribe: 家有购物 (720p) [Not 24/7]
subscribe: Zhejiang TV International
subscribe: 东方卫视 (2160p)
subscribe: 2025-03-06 16:04:54
subscribe: 电影周星星
subscribe: 电影嫣然影厅
subscribe: 家有购物 (720p) [Not 24/7]
subscribe: 宿州公共 (1080p) [Not 24/7]
subscribe: 东方卫视 (2160p)
subscribe: 福州生活
subscribe: 电影嫣然影厅
subscribe: 中国气象 (576p) [Not 24/7]
subscribe: 电影战争片
subscribe: 宿州公共 (1080p) [Not 24/7]
subscribe: 宿州新闻综合 (1080p) [Not 24/7]
subscribe: 福州生活
subscribe: 福州综合
subscribe: 中国气象 (576p) [Not 24/7]
subscribe: 云南卫视 (1080p)
subscribe: 电影战争片
subscribe: 电影搞笑喜剧
subscribe: 宿州新闻综合 (1080p) [Not 24/7]
subscribe: 宿州科教 (1080p) [Not 24/7]
subscribe: 福州综合
subscribe: CCTV-卫生健康
subscribe: 云南卫视 (1080p)
subscribe: 发现之旅 (576p)
subscribe: 电影搞笑喜剧
subscribe: 无线新闻
subscribe: 宿州科教 (1080p) [Not 24/7]
subscribe: 电影蜘蛛侠
subscribe: CCTV-卫生健康
subscribe: 宿迁公共 (480p)
subscribe: CCTV-电视指南
subscribe: 发现之旅 (576p)
subscribe: 吉林卫视 (2160p)
subscribe: 无线新闻
subscribe: 无线新闻
subscribe: 电影蜘蛛侠
subscribe: 电影谍战
subscribe: 宿迁公共 (480p)
subscribe: CCTV-电视指南
subscribe: 少儿科教
subscribe: 吉林卫视 (2160p)
subscribe: 中国天气
subscribe: 和政电视台
subscribe: 无线新闻
subscribe: 无线新闻
subscribe: 电影谍战
subscribe: 电影贺岁
subscribe: 少儿科教
subscribe: 山东体育 (1080p) [Geo-blocked]
subscribe: 中国天气
subscribe: 中国交通
subscribe: 和政电视台
subscribe: 四川卫视 (576p)
subscribe: 无线新闻
subscribe: 无线新闻
subscribe: 电影贺岁
subscribe: 让子弹飞
subscribe: 山东体育 (1080p) [Geo-blocked]
subscribe: 山东农科 (406p) [Geo-blocked]
subscribe: 中国交通
subscribe: 直播中国
subscribe: 四川卫视 (576p)
subscribe: 四川妇女儿童 (720p) [Not 24/7]
subscribe: 无线新闻
subscribe: 无线新闻
subscribe: 让子弹飞
subscribe: 陕西西部电影
subscribe: 山东农科 (406p) [Geo-blocked]
subscribe: 直播中国
subscribe: 山东卫视 (1080p)
subscribe: 熊猫直播
subscribe: 四川妇女儿童 (720p) [Not 24/7]
subscribe: 天津卫视 (1080p)
subscribe: 无线新闻
subscribe: 无线新闻
subscribe: 陕西西部电影
subscribe: 韩国电影1
subscribe: 山东卫视 (1080p)
subscribe: 山东卫视 (1080p)
subscribe: 熊猫直播
subscribe: CETV-1 综合教育
subscribe: 天津卫视 (1080p)
subscribe: 宁夏卫视 (576p) [Not 24/7]
subscribe: 无线新闻
subscribe: 无线新闻
subscribe: 韩国电影1
subscribe: 韩国电影2
subscribe: 山东卫视 (1080p)
subscribe: 山东卫视 (1080p)
subscribe: CETV-1 综合教育
subscribe: 宁夏卫视 (576p) [Not 24/7]
subscribe: CETV-2 空中课堂
subscribe: 无线新闻
subscribe: 安徽卫视 (2160p)
subscribe: 韩国电影2
subscribe: 无线新闻
subscribe: 龙门飞甲
subscribe: 山东卫视 (1080p)
subscribe: 山东卫视 (1080p)
subscribe: CETV-2 空中课堂
subscribe: CETV-3 教育服务
subscribe: 安徽卫视 (2160p)
subscribe: 山东体育 (1080p) [Geo-blocked]
subscribe: 无线新闻
subscribe: 无线新闻
subscribe: 龙门飞甲
subscribe: 纪实科教8K
subscribe: 山东卫视 (1080p)
subscribe: 山东卫视 (1080p)
subscribe: CETV-3 教育服务
subscribe: 山东体育 (1080p) [Geo-blocked]
subscribe: CETV-4 职业教育
subscribe: 无线新闻
subscribe: 山东农科 (406p) [Geo-blocked]
subscribe: 黑莓电影
subscribe: 纪实科教8K
subscribe: 北京纪实科教8K
subscribe: 山东卫视 (1080p)
subscribe: CETV-4 职业教育
subscribe: 山东卫视 (1080p)
subscribe: 山东农科 (406p) [Geo-blocked]
subscribe: CGTN英语
subscribe: 山东卫视 (720p)
subscribe: 黑莓电影
subscribe: 黑莓电影
subscribe: 北京纪实科教8K
subscribe: 南国都市
subscribe: 山东卫视 (1080p)
subscribe: 山东卫视 (1080p)
subscribe: CGTN英语
subscribe: CGTN记录
subscribe: 山东卫视 (720p)
subscribe: 黑莓电影
subscribe: 山东卫视 (1080p)
subscribe: 南国都市
subscribe: 精品体育
subscribe: 山东卫视 (1080p)
subscribe: 搜狐剧场
subscribe: 山东卫视 (720p)
subscribe: CGTN记录
subscribe: CGTN俄语
subscribe: 山东卫视 (1080p)
subscribe: 山东少儿 (406p) [Geo-blocked]
subscribe: 精品体育
subscribe: 黑莓动画
subscribe: 搜狐剧场
subscribe: 新视觉
subscribe: 山东卫视 (720p)
subscribe: 山东卫视 (576p)
subscribe: CGTN俄语
subscribe: CGTN法语
subscribe: 山东少儿 (406p) [Geo-blocked]
subscribe: 山东生活 (1080p) [Geo-blocked]
subscribe: 黑莓动画
subscribe: 黑莓动画
subscribe: 新视觉
subscribe: 纪实科教
subscribe: 山东卫视 (576p)
subscribe: CGTN法语
subscribe: 山东卫视 (576p)
subscribe: 山东生活 (1080p) [Geo-blocked]
subscribe: CGTN西语
subscribe: 山东综艺 (406p) [Geo-blocked]
subscribe: 黑莓动画
subscribe: 黑莓动画
subscribe: 纪实科教
subscribe: 广东少儿
subscribe: 山东卫视 (576p)
subscribe: 山东少儿 (406p) [Geo-blocked]
subscribe: CGTN西语
subscribe: CGTN阿语
subscribe: 山东综艺 (406p) [Geo-blocked]
subscribe: 山东齐鲁 (1080p) [Geo-blocked]
subscribe: 黑莓动画
subscribe: 黑莓动画
subscribe: 广东少儿
subscribe: 靖洋卡通
subscribe: 山东少儿 (406p) [Geo-blocked]
subscribe: 山东居家购物 (360p) [Geo-blocked]
subscribe: CGTN阿语
subscribe: CCTV4K
subscribe: 山东齐鲁 (1080p) [Geo-blocked]
subscribe: 山西卫视 (2160p)
subscribe: 黑莓动画
subscribe: 黑莓动画
subscribe: 靖洋卡通
subscribe: 韩国EBS少儿
subscribe: 山东居家购物 (360p) [Geo-blocked]
subscribe: 山东影视 (406p) [Geo-blocked]
subscribe: CCTV4K
subscribe: 求索科学
subscribe: 山西卫视 (2160p)
subscribe: 广东卫视 (2160p)
subscribe: 黑莓动画
subscribe: 黑莓动画
subscribe: 韩国EBS少儿
subscribe: 东莞新闻综合
subscribe: 山东影视 (406p) [Geo-blocked]
subscribe: 山东新闻 (1080p) [Geo-blocked]
subscribe: 求索科学
subscribe: 求索动物
subscribe: 山东新闻 (1080p) [Geo-blocked]
subscribe: ◆◆◆　https://raw.githubusercontent.com/Guovin/iptv-api/gd/output/result.txt
2025-10-31 06:23:48
subscribe: 山东生活 (1080p) [Geo-blocked]
subscribe: 黑莓动画
subscribe: 东莞新闻综合
subscribe: 广东卫视 (2160p)
subscribe: 求索动物
subscribe: ◆◆◆　https://raw.githubusercontent.com/Guovin/iptv-api/gd/output/result.txt
2025-10-31 06:23:48
subscribe: 山东生活 (1080p) [Geo-blocked]
